[launch] launcher supplementary groups before: [0]
[launch] launcher cleared its supplementary groups before clone: []
[launch] init started, host pid 5259
[init] pid=1; fd 3 (control socket from ExtraFiles) inherited with FD_CLOEXEC=false
[init] proc mask: /proc/asound absent on this kernel, skipped
[init] proc mask: /proc/timer_stats absent on this kernel, skipped
[init] proc mask: /proc/sched_debug absent on this kernel, skipped
[init] helper binary fd 200 opened from /proc/self/exe (mode="procexe") -> /tmp/spike-1b/rootfs/opt/spike/spike1b
[init] after pivot_root, helper binary fd 200 -> /tmp/spike-1b/rootfs/opt/spike/spike1b
[launch] from init: init thread: tid=1 Uid=[0 0 0 0] Gid=[0 0 0 0] Groups=[] CapInh=0000000000000000 CapPrm=0000000000000020 CapEff=0000000000000020 CapBnd=00000000000001e0 CapAmb=0000000000000000 NoNewPrivs=0 Seccomp=2 Seccomp_filters=1
[launch] from init: init thread: tid=2 Uid=[0 0 0 0] Gid=[0 0 0 0] Groups=[] CapInh=0000000000000000 CapPrm=0000000000000020 CapEff=0000000000000020 CapBnd=00000000000001e0 CapAmb=0000000000000000 NoNewPrivs=0 Seccomp=2 Seccomp_filters=1
[launch] from init: init thread: tid=3 Uid=[0 0 0 0] Gid=[0 0 0 0] Groups=[] CapInh=0000000000000000 CapPrm=0000000000000020 CapEff=0000000000000020 CapBnd=00000000000001e0 CapAmb=0000000000000000 NoNewPrivs=0 Seccomp=2 Seccomp_filters=1
[launch] from init: init thread: tid=4 Uid=[0 0 0 0] Gid=[0 0 0 0] Groups=[] CapInh=0000000000000000 CapPrm=0000000000000020 CapEff=0000000000000020 CapBnd=00000000000001e0 CapAmb=0000000000000000 NoNewPrivs=0 Seccomp=2 Seccomp_filters=1
[launch] from init: init thread: tid=5 Uid=[0 0 0 0] Gid=[0 0 0 0] Groups=[] CapInh=0000000000000000 CapPrm=0000000000000020 CapEff=0000000000000020 CapBnd=00000000000001e0 CapAmb=0000000000000000 NoNewPrivs=0 Seccomp=2 Seccomp_filters=1
[launch] from init: init mountinfo: 535 487 8:80 /tmp/spike-1b/rootfs / ro,nosuid,nodev,relatime - ext4 /dev/sdf rw,discard,errors=remount-ro,data=ordered
[launch] from init: init mountinfo: 536 535 8:80 /usr /usr ro,nosuid,nodev,relatime - ext4 /dev/sdf rw,discard,errors=remount-ro,data=ordered
[launch] from init: init mountinfo: 537 536 0:34 / /usr/lib/wsl/drivers ro,nosuid,nodev,noatime - 9p drivers ro,aname=drivers;fmask=222;dmask=222,cache=5,access=client,msize=65536,trans=fd,rfd=8,wfd=8
[launch] from init: init mountinfo: 538 536 0:112 / /usr/lib/wsl/lib ro,nosuid,nodev,noatime - overlay none rw,lowerdir=/gpu_lib_packaged:/gpu_lib_inbox,upperdir=/gpu_lib/rw/upper,workdir=/gpu_lib/rw/work,uuid=on
[launch] from init: init mountinfo: 539 536 0:29 / /usr/lib/modules/6.6.87.2-microsoft-standard-WSL2 ro,nosuid,nodev,noatime - overlay none rw,lowerdir=/modules,upperdir=/lib/modules/6.6.87.2-microsoft-standard-WSL2/rw/upper,workdir=/lib/modules/6.6.87.2-microsoft-standard-WSL2/rw/work,uuid=on
[launch] from init: init mountinfo: 540 535 8:80 /etc /etc ro,nosuid,nodev,relatime - ext4 /dev/sdf rw,discard,errors=remount-ro,data=ordered
[launch] from init: init mountinfo: 541 535 8:80 /tmp/spike-1b/in /in ro,nosuid,nodev,relatime - ext4 /dev/sdf rw,discard,errors=remount-ro,data=ordered
[launch] from init: init mountinfo: 542 535 0:132 / /tmp rw,nosuid,nodev,relatime - tmpfs tmpfs rw,size=65536k,uid=300000,gid=300000
[launch] from init: init mountinfo: 543 535 0:133 / /run rw,nosuid,nodev,relatime - tmpfs tmpfs rw,size=16384k,mode=755,uid=300000,gid=300000
[launch] from init: init mountinfo: 544 535 0:134 / /out rw,nosuid,nodev,relatime - tmpfs tmpfs rw,size=65536k,nr_inodes=1024,mode=755,uid=301000,gid=301000
[launch] from init: init mountinfo: 545 535 0:135 / /dev ro,nosuid,nodev,noexec,relatime - tmpfs tmpfs ro,size=64k,mode=755,uid=300000,gid=300000
[launch] from init: init mountinfo: 546 545 0:5 /null /dev/null rw,nosuid,relatime - devtmpfs none rw,size=8035484k,nr_inodes=2008871,mode=755
[launch] from init: init mountinfo: 547 545 0:5 /zero /dev/zero rw,nosuid,relatime - devtmpfs none rw,size=8035484k,nr_inodes=2008871,mode=755
[launch] from init: init mountinfo: 548 545 0:5 /random /dev/random rw,nosuid,relatime - devtmpfs none rw,size=8035484k,nr_inodes=2008871,mode=755
[launch] from init: init mountinfo: 549 545 0:5 /urandom /dev/urandom rw,nosuid,relatime - devtmpfs none rw,size=8035484k,nr_inodes=2008871,mode=755
[launch] from init: init mountinfo: 550 535 0:142 / /proc rw,nosuid,nodev,noexec,relatime - proc proc rw
[launch] from init: init mountinfo: 551 550 0:143 / /proc/acpi ro,nosuid,nodev,noexec,relatime - tmpfs tmpfs ro,size=0k,uid=300000,gid=300000
[launch] from init: init mountinfo: 552 550 0:5 /null /proc/kcore rw,nosuid,relatime - devtmpfs none rw,size=8035484k,nr_inodes=2008871,mode=755
[launch] from init: init mountinfo: 553 550 0:5 /null /proc/keys rw,nosuid,relatime - devtmpfs none rw,size=8035484k,nr_inodes=2008871,mode=755
[launch] from init: init mountinfo: 554 550 0:5 /null /proc/latency_stats rw,nosuid,relatime - devtmpfs none rw,size=8035484k,nr_inodes=2008871,mode=755
[launch] from init: init mountinfo: 555 550 0:5 /null /proc/timer_list rw,nosuid,relatime - devtmpfs none rw,size=8035484k,nr_inodes=2008871,mode=755
[launch] from init: init mountinfo: 556 550 0:144 / /proc/scsi ro,nosuid,nodev,noexec,relatime - tmpfs tmpfs ro,size=0k,uid=300000,gid=300000
[launch] from init: init mountinfo: 557 550 0:142 /bus /proc/bus ro,nosuid,nodev,noexec,relatime - proc proc rw
[launch] from init: init mountinfo: 558 550 0:142 /fs /proc/fs ro,nosuid,nodev,noexec,relatime - proc proc rw
[launch] from init: init mountinfo: 559 550 0:142 /irq /proc/irq ro,nosuid,nodev,noexec,relatime - proc proc rw
[launch] from init: init mountinfo: 560 550 0:142 /sys /proc/sys ro,nosuid,nodev,noexec,relatime - proc proc rw
[launch] from init: init mountinfo: 561 550 0:142 /sysrq-trigger /proc/sysrq-trigger ro,nosuid,nodev,noexec,relatime - proc proc rw
[launch] from init: init fds: 0->/dev/null cloexec=false | 1->/mnt/f/go-agentbox-1b/experiments/spike-1b/results/b6-start-securebits.log cloexec=false | 2->/mnt/f/go-agentbox-1b/experiments/spike-1b/results/b6-start-securebits.log cloexec=false | 4->anon_inode:[eventpoll] cloexec=true | 5->anon_inode:[eventfd] cloexec=true | 10->socket:[845253] cloexec=true | 200->/tmp/spike-1b/rootfs/opt/spike/spike1b cloexec=true
[launch] host view of init: Uid=[300000 300000 300000 300000] Gid=[300000 300000 300000 300000] Groups=[] CapEff=0000000000000020 CapBnd=00000000000001e0
[launch] host view of init uid_map: 0 300000 4096
[launch] host view of init gid_map: 0 300000 4096
[launch] host view of init setgroups: deny
[launch] host mountinfo entries under /tmp/spike-1b while the sandbox runs: 0
[launch] host baseline: launcher Seccomp=2 Seccomp_filters=1
[init] control channel closed (n=0 err=<nil>)
[init] reaped pid 8 (not a started workload) status=32256
[launch] init exited: ok
RESULT label=b6-start-securebits outcome=start_err workload_started=no pass=0 fail=0 exit= reason="helper/securebits: injected failure"
